\BOOKMARK [0][-]{chapter.1}{\376\377\0001\000\040\004\020\004\073\004\104\004\060\004\062\004\070\004\102\004\075\004\113\004\071\000\040\004\103\004\072\004\060\004\067\004\060\004\102\004\065\004\073\004\114\000\040\004\077\004\100\004\076\004\101\004\102\004\100\004\060\004\075\004\101\004\102\004\062\000\040\004\070\004\074\004\065\004\075}{}% 1
\BOOKMARK [1][-]{section.1.1}{\376\377\0001\000.\0001\000\040\004\037\004\100\004\076\004\101\004\102\004\100\004\060\004\075\004\101\004\102\004\062\004\060\000\040\004\070\004\074\004\065\004\075}{chapter.1}% 2
\BOOKMARK [0][-]{chapter.2}{\376\377\0002\000\040\004\020\004\073\004\104\004\060\004\062\004\070\004\102\004\075\004\113\004\071\000\040\004\103\004\072\004\060\004\067\004\060\004\102\004\065\004\073\004\114\000\040\004\072\004\073\004\060\004\101\004\101\004\076\004\062}{}% 3
\BOOKMARK [1][-]{section.2.1}{\376\377\0002\000.\0001\000\040\004\032\004\073\004\060\004\101\004\101\004\113}{chapter.2}% 4
\BOOKMARK [0][-]{chapter.3}{\376\377\0003\000\040\004\041\004\077\004\070\004\101\004\076\004\072\000\040\004\104\004\060\004\071\004\073\004\076\004\062}{}% 5
\BOOKMARK [1][-]{section.3.1}{\376\377\0003\000.\0001\000\040\004\044\004\060\004\071\004\073\004\113}{chapter.3}% 6
\BOOKMARK [0][-]{chapter.4}{\376\377\0004\000\040\004\037\004\100\004\076\004\101\004\102\004\100\004\060\004\075\004\101\004\102\004\062\004\060\000\040\004\070\004\074\004\065\004\075}{}% 7
\BOOKMARK [1][-]{section.4.1}{\376\377\0004\000.\0001\000\040\004\037\004\100\004\076\004\101\004\102\004\100\004\060\004\075\004\101\004\102\004\062\004\076\000\040\004\070\004\074\004\065\004\075\000\040\000S\000H\000A\0001}{chapter.4}% 8
\BOOKMARK [2][-]{subsection.4.1.1}{\376\377\0004\000.\0001\000.\0001\000\040\004\037\004\076\004\064\004\100\004\076\004\061\004\075\004\076\004\065\000\040\004\076\004\077\004\070\004\101\004\060\004\075\004\070\004\065}{section.4.1}% 9
\BOOKMARK [0][-]{chapter.5}{\376\377\0005\000\040\004\032\004\073\004\060\004\101\004\101\004\113}{}% 10
\BOOKMARK [1][-]{section.5.1}{\376\377\0005\000.\0001\000\040\004\032\004\073\004\060\004\101\004\101\000\040\000A\000u\000t\000h\000M\000a\000n\000a\000g\000e\000r}{chapter.5}% 11
\BOOKMARK [2][-]{subsection.5.1.1}{\376\377\0005\000.\0001\000.\0001\000\040\004\037\004\076\004\064\004\100\004\076\004\061\004\075\004\076\004\065\000\040\004\076\004\077\004\070\004\101\004\060\004\075\004\070\004\065}{section.5.1}% 12
\BOOKMARK [2][-]{subsection.5.1.2}{\376\377\0005\000.\0001\000.\0002\000\040\004\032\004\076\004\075\004\101\004\102\004\100\004\103\004\072\004\102\004\076\004\100\000\050\004\113\000\051}{section.5.1}% 13
\BOOKMARK [3][-]{subsubsection.5.1.2.1}{\376\377\0005\000.\0001\000.\0002\000.\0001\000\040\000A\000u\000t\000h\000M\000a\000n\000a\000g\000e\000r\000\050\000\051}{subsection.5.1.2}% 14
\BOOKMARK [3][-]{subsubsection.5.1.2.2}{\376\377\0005\000.\0001\000.\0002\000.\0002\000\040\000\040\000A\000u\000t\000h\000M\000a\000n\000a\000g\000e\000r\000\050\000\051}{subsection.5.1.2}% 15
\BOOKMARK [2][-]{subsection.5.1.3}{\376\377\0005\000.\0001\000.\0003\000\040\004\034\004\065\004\102\004\076\004\064\004\113}{section.5.1}% 16
\BOOKMARK [3][-]{subsubsection.5.1.3.1}{\376\377\0005\000.\0001\000.\0003\000.\0001\000\040\000a\000d\000d\000U\000s\000e\000r\000\050\000\051}{subsection.5.1.3}% 17
\BOOKMARK [3][-]{subsubsection.5.1.3.2}{\376\377\0005\000.\0001\000.\0003\000.\0002\000\040\000a\000u\000t\000h\000e\000n\000t\000i\000c\000a\000t\000e\000\050\000\051}{subsection.5.1.3}% 18
\BOOKMARK [3][-]{subsubsection.5.1.3.3}{\376\377\0005\000.\0001\000.\0003\000.\0003\000\040\000c\000o\000m\000p\000u\000t\000e\000S\000H\000A\0001\000\050\000\051}{subsection.5.1.3}% 19
\BOOKMARK [3][-]{subsubsection.5.1.3.4}{\376\377\0005\000.\0001\000.\0003\000.\0004\000\040\000g\000e\000n\000e\000r\000a\000t\000e\000S\000a\000l\000t\0006\0004\000\050\000\051}{subsection.5.1.3}% 20
\BOOKMARK [3][-]{subsubsection.5.1.3.5}{\376\377\0005\000.\0001\000.\0003\000.\0005\000\040\000l\000o\000a\000d\000U\000s\000e\000r\000D\000a\000t\000a\000b\000a\000s\000e\000\050\000\051}{subsection.5.1.3}% 21
\BOOKMARK [3][-]{subsubsection.5.1.3.6}{\376\377\0005\000.\0001\000.\0003\000.\0006\000\040\000p\000a\000d\000Z\000e\000r\000o\000s\000\050\000\051}{subsection.5.1.3}% 22
\BOOKMARK [3][-]{subsubsection.5.1.3.7}{\376\377\0005\000.\0001\000.\0003\000.\0007\000\040\000u\000s\000e\000r\000E\000x\000i\000s\000t\000s\000\050\000\051}{subsection.5.1.3}% 23
\BOOKMARK [2][-]{subsection.5.1.4}{\376\377\0005\000.\0001\000.\0004\000\040\004\024\004\060\004\075\004\075\004\113\004\065\000\040\004\072\004\073\004\060\004\101\004\101\004\060}{section.5.1}% 24
\BOOKMARK [3][-]{subsubsection.5.1.4.1}{\376\377\0005\000.\0001\000.\0004\000.\0001\000\040\000u\000s\000e\000r\000s}{subsection.5.1.4}% 25
\BOOKMARK [1][-]{section.5.2}{\376\377\0005\000.\0002\000\040\004\032\004\073\004\060\004\101\004\101\000\040\000D\000a\000t\000a\000b\000a\000s\000e}{chapter.5}% 26
\BOOKMARK [2][-]{subsection.5.2.1}{\376\377\0005\000.\0002\000.\0001\000\040\004\034\004\065\004\102\004\076\004\064\004\113}{section.5.2}% 27
\BOOKMARK [3][-]{subsubsection.5.2.1.1}{\376\377\0005\000.\0002\000.\0001\000.\0001\000\040\000a\000d\000d\000\050\000\051}{subsection.5.2.1}% 28
\BOOKMARK [3][-]{subsubsection.5.2.1.2}{\376\377\0005\000.\0002\000.\0001\000.\0002\000\040\000c\000o\000u\000n\000t\000\050\000\051}{subsection.5.2.1}% 29
\BOOKMARK [3][-]{subsubsection.5.2.1.3}{\376\377\0005\000.\0002\000.\0001\000.\0003\000\040\000l\000o\000a\000d\000\050\000\051}{subsection.5.2.1}% 30
\BOOKMARK [3][-]{subsubsection.5.2.1.4}{\376\377\0005\000.\0002\000.\0001\000.\0004\000\040\000v\000e\000r\000i\000f\000y\000\050\000\051}{subsection.5.2.1}% 31
\BOOKMARK [2][-]{subsection.5.2.2}{\376\377\0005\000.\0002\000.\0002\000\040\004\024\004\060\004\075\004\075\004\113\004\065\000\040\004\072\004\073\004\060\004\101\004\101\004\060}{section.5.2}% 32
\BOOKMARK [3][-]{subsubsection.5.2.2.1}{\376\377\0005\000.\0002\000.\0002\000.\0001\000\040\000u\000s\000e\000r\000s}{subsection.5.2.2}% 33
\BOOKMARK [1][-]{section.5.3}{\376\377\0005\000.\0003\000\040\004\032\004\073\004\060\004\101\004\101\000\040\000I\000n\000t\000e\000r\000f\000a\000c\000e}{chapter.5}% 34
\BOOKMARK [2][-]{subsection.5.3.1}{\376\377\0005\000.\0003\000.\0001\000\040\004\037\004\076\004\064\004\100\004\076\004\061\004\075\004\076\004\065\000\040\004\076\004\077\004\070\004\101\004\060\004\075\004\070\004\065}{section.5.3}% 35
\BOOKMARK [2][-]{subsection.5.3.2}{\376\377\0005\000.\0003\000.\0002\000\040\004\032\004\076\004\075\004\101\004\102\004\100\004\103\004\072\004\102\004\076\004\100\000\050\004\113\000\051}{section.5.3}% 36
\BOOKMARK [3][-]{subsubsection.5.3.2.1}{\376\377\0005\000.\0003\000.\0002\000.\0001\000\040\000I\000n\000t\000e\000r\000f\000a\000c\000e\000\050\000\051}{subsection.5.3.2}% 37
\BOOKMARK [2][-]{subsection.5.3.3}{\376\377\0005\000.\0003\000.\0003\000\040\004\034\004\065\004\102\004\076\004\064\004\113}{section.5.3}% 38
\BOOKMARK [3][-]{subsubsection.5.3.3.1}{\376\377\0005\000.\0003\000.\0003\000.\0001\000\040\000c\000h\000e\000c\000k\000F\000i\000l\000e\000E\000x\000i\000s\000t\000s\000\050\000\051}{subsection.5.3.3}% 39
\BOOKMARK [3][-]{subsubsection.5.3.3.2}{\376\377\0005\000.\0003\000.\0003\000.\0002\000\040\000c\000h\000e\000c\000k\000F\000i\000l\000e\000W\000r\000i\000t\000a\000b\000l\000e\000\050\000\051}{subsection.5.3.3}% 40
\BOOKMARK [3][-]{subsubsection.5.3.3.3}{\376\377\0005\000.\0003\000.\0003\000.\0003\000\040\000g\000e\000t\000P\000a\000r\000a\000m\000s\000\050\000\051}{subsection.5.3.3}% 41
\BOOKMARK [3][-]{subsubsection.5.3.3.4}{\376\377\0005\000.\0003\000.\0003\000.\0004\000\040\000g\000e\000t\000P\000a\000r\000s\000e\000E\000r\000r\000o\000r\000s\000\050\000\051}{subsection.5.3.3}% 42
\BOOKMARK [3][-]{subsubsection.5.3.3.5}{\376\377\0005\000.\0003\000.\0003\000.\0005\000\040\000i\000s\000H\000e\000l\000p\000R\000e\000q\000u\000e\000s\000t\000e\000d\000\050\000\051}{subsection.5.3.3}% 43
\BOOKMARK [3][-]{subsubsection.5.3.3.6}{\376\377\0005\000.\0003\000.\0003\000.\0006\000\040\000i\000s\000V\000e\000r\000s\000i\000o\000n\000R\000e\000q\000u\000e\000s\000t\000e\000d\000\050\000\051}{subsection.5.3.3}% 44
\BOOKMARK [3][-]{subsubsection.5.3.3.7}{\376\377\0005\000.\0003\000.\0003\000.\0007\000\040\000p\000a\000r\000s\000e\000\050\000\051}{subsection.5.3.3}% 45
\BOOKMARK [3][-]{subsubsection.5.3.3.8}{\376\377\0005\000.\0003\000.\0003\000.\0008\000\040\000p\000a\000r\000s\000e\000O\000p\000t\000i\000o\000n\000s\000\050\000\051}{subsection.5.3.3}% 46
\BOOKMARK [3][-]{subsubsection.5.3.3.9}{\376\377\0005\000.\0003\000.\0003\000.\0009\000\040\000p\000r\000i\000n\000t\000H\000e\000l\000p\000\050\000\051}{subsection.5.3.3}% 47
\BOOKMARK [3][-]{subsubsection.5.3.3.10}{\376\377\0005\000.\0003\000.\0003\000.\0001\0000\000\040\000p\000r\000i\000n\000t\000V\000e\000r\000s\000i\000o\000n\000\050\000\051}{subsection.5.3.3}% 48
\BOOKMARK [3][-]{subsubsection.5.3.3.11}{\376\377\0005\000.\0003\000.\0003\000.\0001\0001\000\040\000v\000a\000l\000i\000d\000a\000t\000e\000P\000a\000r\000a\000m\000s\000\050\000\051}{subsection.5.3.3}% 49
\BOOKMARK [3][-]{subsubsection.5.3.3.12}{\376\377\0005\000.\0003\000.\0003\000.\0001\0002\000\040\000v\000a\000l\000i\000d\000a\000t\000e\000P\000o\000r\000t\000\050\000\051}{subsection.5.3.3}% 50
\BOOKMARK [2][-]{subsection.5.3.4}{\376\377\0005\000.\0003\000.\0004\000\040\004\024\004\060\004\075\004\075\004\113\004\065\000\040\004\072\004\073\004\060\004\101\004\101\004\060}{section.5.3}% 51
\BOOKMARK [3][-]{subsubsection.5.3.4.1}{\376\377\0005\000.\0003\000.\0004\000.\0001\000\040\000h\000e\000l\000p\000R\000e\000q\000u\000e\000s\000t\000e\000d}{subsection.5.3.4}% 52
\BOOKMARK [3][-]{subsubsection.5.3.4.2}{\376\377\0005\000.\0003\000.\0004\000.\0002\000\040\000p\000a\000r\000a\000m\000s}{subsection.5.3.4}% 53
\BOOKMARK [3][-]{subsubsection.5.3.4.3}{\376\377\0005\000.\0003\000.\0004\000.\0003\000\040\000p\000a\000r\000s\000e\000E\000r\000r\000o\000r\000s}{subsection.5.3.4}% 54
\BOOKMARK [3][-]{subsubsection.5.3.4.4}{\376\377\0005\000.\0003\000.\0004\000.\0004\000\040\000v\000e\000r\000s\000i\000o\000n\000R\000e\000q\000u\000e\000s\000t\000e\000d}{subsection.5.3.4}% 55
\BOOKMARK [1][-]{section.5.4}{\376\377\0005\000.\0004\000\040\004\032\004\073\004\060\004\101\004\101\000\040\000L\000o\000g\000g\000e\000r}{chapter.5}% 56
\BOOKMARK [2][-]{subsection.5.4.1}{\376\377\0005\000.\0004\000.\0001\000\040\004\037\004\076\004\064\004\100\004\076\004\061\004\075\004\076\004\065\000\040\004\076\004\077\004\070\004\101\004\060\004\075\004\070\004\065}{section.5.4}% 57
\BOOKMARK [2][-]{subsection.5.4.2}{\376\377\0005\000.\0004\000.\0002\000\040\004\032\004\076\004\075\004\101\004\102\004\100\004\103\004\072\004\102\004\076\004\100\000\050\004\113\000\051}{section.5.4}% 58
\BOOKMARK [3][-]{subsubsection.5.4.2.1}{\376\377\0005\000.\0004\000.\0002\000.\0001\000\040\000L\000o\000g\000g\000e\000r\000\050\000\051\000\040\000[\0001\000/\0002\000]}{subsection.5.4.2}% 59
\BOOKMARK [3][-]{subsubsection.5.4.2.2}{\376\377\0005\000.\0004\000.\0002\000.\0002\000\040\000L\000o\000g\000g\000e\000r\000\050\000\051\000\040\000[\0002\000/\0002\000]}{subsection.5.4.2}% 60
\BOOKMARK [3][-]{subsubsection.5.4.2.3}{\376\377\0005\000.\0004\000.\0002\000.\0003\000\040\000\040\000L\000o\000g\000g\000e\000r\000\050\000\051}{subsection.5.4.2}% 61
\BOOKMARK [2][-]{subsection.5.4.3}{\376\377\0005\000.\0004\000.\0003\000\040\004\034\004\065\004\102\004\076\004\064\004\113}{section.5.4}% 62
\BOOKMARK [3][-]{subsubsection.5.4.3.1}{\376\377\0005\000.\0004\000.\0003\000.\0001\000\040\000g\000e\000t\000I\000n\000s\000t\000a\000n\000c\000e\000\050\000\051}{subsection.5.4.3}% 63
\BOOKMARK [3][-]{subsubsection.5.4.3.2}{\376\377\0005\000.\0004\000.\0003\000.\0002\000\040\000i\000n\000i\000t\000i\000a\000l\000i\000z\000e\000\050\000\051}{subsection.5.4.3}% 64
\BOOKMARK [3][-]{subsubsection.5.4.3.3}{\376\377\0005\000.\0004\000.\0003\000.\0003\000\040\000l\000o\000g\000\050\000\051}{subsection.5.4.3}% 65
\BOOKMARK [3][-]{subsubsection.5.4.3.4}{\376\377\0005\000.\0004\000.\0003\000.\0004\000\040\000o\000p\000e\000r\000a\000t\000o\000r\000=\000\050\000\051}{subsection.5.4.3}% 66
\BOOKMARK [3][-]{subsubsection.5.4.3.5}{\376\377\0005\000.\0004\000.\0003\000.\0005\000\040\000r\000e\000s\000e\000t\000\050\000\051}{subsection.5.4.3}% 67
\BOOKMARK [2][-]{subsection.5.4.4}{\376\377\0005\000.\0004\000.\0004\000\040\004\024\004\060\004\075\004\075\004\113\004\065\000\040\004\072\004\073\004\060\004\101\004\101\004\060}{section.5.4}% 68
\BOOKMARK [3][-]{subsubsection.5.4.4.1}{\376\377\0005\000.\0004\000.\0004\000.\0001\000\040\000i\000n\000s\000t\000a\000n\000c\000e}{subsection.5.4.4}% 69
\BOOKMARK [3][-]{subsubsection.5.4.4.2}{\376\377\0005\000.\0004\000.\0004\000.\0002\000\040\000l\000o\000g\000F\000i\000l\000e}{subsection.5.4.4}% 70
\BOOKMARK [1][-]{section.5.5}{\376\377\0005\000.\0005\000\040\004\041\004\102\004\100\004\103\004\072\004\102\004\103\004\100\004\060\000\040\000P\000a\000r\000a\000m\000s}{chapter.5}% 71
\BOOKMARK [2][-]{subsection.5.5.1}{\376\377\0005\000.\0005\000.\0001\000\040\004\032\004\076\004\075\004\101\004\102\004\100\004\103\004\072\004\102\004\076\004\100\000\050\004\113\000\051}{section.5.5}% 72
\BOOKMARK [3][-]{subsubsection.5.5.1.1}{\376\377\0005\000.\0005\000.\0001\000.\0001\000\040\000P\000a\000r\000a\000m\000s\000\050\000\051}{subsection.5.5.1}% 73
\BOOKMARK [2][-]{subsection.5.5.2}{\376\377\0005\000.\0005\000.\0002\000\040\004\024\004\060\004\075\004\075\004\113\004\065\000\040\004\072\004\073\004\060\004\101\004\101\004\060}{section.5.5}% 74
\BOOKMARK [3][-]{subsubsection.5.5.2.1}{\376\377\0005\000.\0005\000.\0002\000.\0001\000\040\000d\000b\000F\000i\000l\000e}{subsection.5.5.2}% 75
\BOOKMARK [3][-]{subsubsection.5.5.2.2}{\376\377\0005\000.\0005\000.\0002\000.\0002\000\040\000l\000o\000g\000F\000i\000l\000e}{subsection.5.5.2}% 76
\BOOKMARK [3][-]{subsubsection.5.5.2.3}{\376\377\0005\000.\0005\000.\0002\000.\0003\000\040\000p\000o\000r\000t}{subsection.5.5.2}% 77
\BOOKMARK [1][-]{section.5.6}{\376\377\0005\000.\0006\000\040\004\032\004\073\004\060\004\101\004\101\000\040\000S\000e\000r\000v\000e\000r}{chapter.5}% 78
\BOOKMARK [2][-]{subsection.5.6.1}{\376\377\0005\000.\0006\000.\0001\000\040\004\037\004\076\004\064\004\100\004\076\004\061\004\075\004\076\004\065\000\040\004\076\004\077\004\070\004\101\004\060\004\075\004\070\004\065}{section.5.6}% 79
\BOOKMARK [2][-]{subsection.5.6.2}{\376\377\0005\000.\0006\000.\0002\000\040\004\032\004\076\004\075\004\101\004\102\004\100\004\103\004\072\004\102\004\076\004\100\000\050\004\113\000\051}{section.5.6}% 80
\BOOKMARK [3][-]{subsubsection.5.6.2.1}{\376\377\0005\000.\0006\000.\0002\000.\0001\000\040\000S\000e\000r\000v\000e\000r\000\050\000\051}{subsection.5.6.2}% 81
\BOOKMARK [2][-]{subsection.5.6.3}{\376\377\0005\000.\0006\000.\0003\000\040\004\034\004\065\004\102\004\076\004\064\004\113}{section.5.6}% 82
\BOOKMARK [3][-]{subsubsection.5.6.3.1}{\376\377\0005\000.\0006\000.\0003\000.\0001\000\040\000h\000a\000n\000d\000l\000e\000C\000l\000i\000e\000n\000t\000\050\000\051}{subsection.5.6.3}% 83
\BOOKMARK [3][-]{subsubsection.5.6.3.2}{\376\377\0005\000.\0006\000.\0003\000.\0002\000\040\000r\000e\000c\000e\000i\000v\000e\000T\000e\000x\000t\000\050\000\051}{subsection.5.6.3}% 84
\BOOKMARK [3][-]{subsubsection.5.6.3.3}{\376\377\0005\000.\0006\000.\0003\000.\0003\000\040\000r\000e\000c\000e\000i\000v\000e\000V\000e\000c\000t\000o\000r\000\050\000\051}{subsection.5.6.3}% 85
\BOOKMARK [3][-]{subsubsection.5.6.3.4}{\376\377\0005\000.\0006\000.\0003\000.\0004\000\040\000r\000u\000n\000\050\000\051}{subsection.5.6.3}% 86
\BOOKMARK [3][-]{subsubsection.5.6.3.5}{\376\377\0005\000.\0006\000.\0003\000.\0005\000\040\000s\000e\000n\000d\000R\000e\000s\000u\000l\000t\000\050\000\051}{subsection.5.6.3}% 87
\BOOKMARK [3][-]{subsubsection.5.6.3.6}{\376\377\0005\000.\0006\000.\0003\000.\0006\000\040\000s\000e\000n\000d\000T\000e\000x\000t\000\050\000\051}{subsection.5.6.3}% 88
\BOOKMARK [3][-]{subsubsection.5.6.3.7}{\376\377\0005\000.\0006\000.\0003\000.\0007\000\040\000s\000t\000o\000p\000\050\000\051}{subsection.5.6.3}% 89
\BOOKMARK [2][-]{subsection.5.6.4}{\376\377\0005\000.\0006\000.\0004\000\040\004\024\004\060\004\075\004\075\004\113\004\065\000\040\004\072\004\073\004\060\004\101\004\101\004\060}{section.5.6}% 90
\BOOKMARK [3][-]{subsubsection.5.6.4.1}{\376\377\0005\000.\0006\000.\0004\000.\0001\000\040\000a\000u\000t\000h}{subsection.5.6.4}% 91
\BOOKMARK [3][-]{subsubsection.5.6.4.2}{\376\377\0005\000.\0006\000.\0004\000.\0002\000\040\000l\000o\000g\000g\000e\000r}{subsection.5.6.4}% 92
\BOOKMARK [3][-]{subsubsection.5.6.4.3}{\376\377\0005\000.\0006\000.\0004\000.\0003\000\040\000p\000o\000r\000t}{subsection.5.6.4}% 93
\BOOKMARK [3][-]{subsubsection.5.6.4.4}{\376\377\0005\000.\0006\000.\0004\000.\0004\000\040\000r\000u\000n\000n\000i\000n\000g}{subsection.5.6.4}% 94
\BOOKMARK [1][-]{section.5.7}{\376\377\0005\000.\0007\000\040\004\032\004\073\004\060\004\101\004\101\000\040\000S\000H\000A\0001}{chapter.5}% 95
\BOOKMARK [2][-]{subsection.5.7.1}{\376\377\0005\000.\0007\000.\0001\000\040\004\034\004\065\004\102\004\076\004\064\004\113}{section.5.7}% 96
\BOOKMARK [3][-]{subsubsection.5.7.1.1}{\376\377\0005\000.\0007\000.\0001\000.\0001\000\040\000h\000a\000s\000h\000\050\000\051\000\040\000[\0001\000/\0002\000]}{subsection.5.7.1}% 97
\BOOKMARK [3][-]{subsubsection.5.7.1.2}{\376\377\0005\000.\0007\000.\0001\000.\0002\000\040\000h\000a\000s\000h\000\050\000\051\000\040\000[\0002\000/\0002\000]}{subsection.5.7.1}% 98
\BOOKMARK [1][-]{section.5.8}{\376\377\0005\000.\0008\000\040\004\032\004\073\004\060\004\101\004\101\000\040\000V\000e\000c\000t\000o\000r\000P\000r\000o\000c\000e\000s\000s\000o\000r}{chapter.5}% 99
\BOOKMARK [2][-]{subsection.5.8.1}{\376\377\0005\000.\0008\000.\0001\000\040\004\037\004\076\004\064\004\100\004\076\004\061\004\075\004\076\004\065\000\040\004\076\004\077\004\070\004\101\004\060\004\075\004\070\004\065}{section.5.8}% 100
\BOOKMARK [2][-]{subsection.5.8.2}{\376\377\0005\000.\0008\000.\0002\000\040\004\034\004\065\004\102\004\076\004\064\004\113}{section.5.8}% 101
\BOOKMARK [3][-]{subsubsection.5.8.2.1}{\376\377\0005\000.\0008\000.\0002\000.\0001\000\040\000c\000h\000e\000c\000k\000O\000v\000e\000r\000f\000l\000o\000w\000\050\000\051}{subsection.5.8.2}% 102
\BOOKMARK [3][-]{subsubsection.5.8.2.2}{\376\377\0005\000.\0008\000.\0002\000.\0002\000\040\000c\000o\000m\000p\000u\000t\000e\000S\000u\000m\000O\000f\000S\000q\000u\000a\000r\000e\000s\000\050\000\051}{subsection.5.8.2}% 103
\BOOKMARK [3][-]{subsubsection.5.8.2.3}{\376\377\0005\000.\0008\000.\0002\000.\0003\000\040\000p\000r\000o\000c\000e\000s\000s\000V\000e\000c\000t\000o\000r\000s\000\050\000\051}{subsection.5.8.2}% 104
\BOOKMARK [0][-]{chapter.6}{\376\377\0006\000\040\004\044\004\060\004\071\004\073\004\113}{}% 105
\BOOKMARK [1][-]{section.6.1}{\376\377\0006\000.\0001\000\040\004\044\004\060\004\071\004\073\000\040\000A\000u\000t\000h\000M\000a\000n\000a\000g\000e\000r\000.\000h}{chapter.6}% 106
\BOOKMARK [1][-]{section.6.2}{\376\377\0006\000.\0002\000\040\000A\000u\000t\000h\000M\000a\000n\000a\000g\000e\000r\000.\000h}{chapter.6}% 107
\BOOKMARK [1][-]{section.6.3}{\376\377\0006\000.\0003\000\040\004\044\004\060\004\071\004\073\000\040\000S\000H\000A\0001\000.\000h}{chapter.6}% 108
\BOOKMARK [1][-]{section.6.4}{\376\377\0006\000.\0004\000\040\000S\000H\000A\0001\000.\000h}{chapter.6}% 109
\BOOKMARK [1][-]{section.6.5}{\376\377\0006\000.\0005\000\040\004\044\004\060\004\071\004\073\000\040\000L\000o\000g\000g\000e\000r\000.\000h}{chapter.6}% 110
\BOOKMARK [2][-]{subsection.6.5.1}{\376\377\0006\000.\0005\000.\0001\000\040\004\037\004\065\004\100\004\065\004\107\004\070\004\101\004\073\004\065\004\075\004\070\004\117}{section.6.5}% 111
\BOOKMARK [3][-]{subsubsection.6.5.1.1}{\376\377\0006\000.\0005\000.\0001\000.\0001\000\040\000L\000o\000g\000L\000e\000v\000e\000l}{subsection.6.5.1}% 112
\BOOKMARK [1][-]{section.6.6}{\376\377\0006\000.\0006\000\040\000L\000o\000g\000g\000e\000r\000.\000h}{chapter.6}% 113
\BOOKMARK [1][-]{section.6.7}{\376\377\0006\000.\0007\000\040\004\044\004\060\004\071\004\073\000\040\000S\000e\000r\000v\000e\000r\000.\000h}{chapter.6}% 114
\BOOKMARK [1][-]{section.6.8}{\376\377\0006\000.\0008\000\040\000S\000e\000r\000v\000e\000r\000.\000h}{chapter.6}% 115
\BOOKMARK [1][-]{section.6.9}{\376\377\0006\000.\0009\000\040\004\044\004\060\004\071\004\073\000\040\000V\000e\000c\000t\000o\000r\000P\000r\000o\000c\000e\000s\000s\000o\000r\000.\000h}{chapter.6}% 116
\BOOKMARK [1][-]{section.6.10}{\376\377\0006\000.\0001\0000\000\040\000V\000e\000c\000t\000o\000r\000P\000r\000o\000c\000e\000s\000s\000o\000r\000.\000h}{chapter.6}% 117
\BOOKMARK [1][-]{section.6.11}{\376\377\0006\000.\0001\0001\000\040\004\044\004\060\004\071\004\073\000\040\000I\000n\000t\000e\000r\000f\000a\000c\000e\000.\000h}{chapter.6}% 118
\BOOKMARK [1][-]{section.6.12}{\376\377\0006\000.\0001\0002\000\040\000I\000n\000t\000e\000r\000f\000a\000c\000e\000.\000h}{chapter.6}% 119
\BOOKMARK [1][-]{section.6.13}{\376\377\0006\000.\0001\0003\000\040\004\044\004\060\004\071\004\073\000\040\000A\000u\000t\000h\000M\000a\000n\000a\000g\000e\000r\000.\000c\000p\000p}{chapter.6}% 120
\BOOKMARK [2][-]{subsection.6.13.1}{\376\377\0006\000.\0001\0003\000.\0001\000\040\004\037\004\076\004\064\004\100\004\076\004\061\004\075\004\076\004\065\000\040\004\076\004\077\004\070\004\101\004\060\004\075\004\070\004\065}{section.6.13}% 121
\BOOKMARK [1][-]{section.6.14}{\376\377\0006\000.\0001\0004\000\040\004\044\004\060\004\071\004\073\000\040\000d\000a\000t\000a\000b\000a\000s\000e\000.\000c\000p\000p}{chapter.6}% 122
\BOOKMARK [2][-]{subsection.6.14.1}{\376\377\0006\000.\0001\0004\000.\0001\000\040\004\044\004\103\004\075\004\072\004\106\004\070\004\070}{section.6.14}% 123
\BOOKMARK [3][-]{subsubsection.6.14.1.1}{\376\377\0006\000.\0001\0004\000.\0001\000.\0001\000\040\000a\000d\000d\000\137\000u\000s\000e\000r\000\137\000t\000o\000\137\000d\000b\000\050\000\051}{subsection.6.14.1}% 124
\BOOKMARK [3][-]{subsubsection.6.14.1.2}{\376\377\0006\000.\0001\0004\000.\0001\000.\0002\000\040\000c\000o\000u\000n\000t\000\137\000u\000s\000e\000r\000s\000\050\000\051}{subsection.6.14.1}% 125
\BOOKMARK [3][-]{subsubsection.6.14.1.3}{\376\377\0006\000.\0001\0004\000.\0001\000.\0003\000\040\000l\000o\000a\000d\000\137\000u\000s\000e\000r\000\137\000d\000a\000t\000a\000b\000a\000s\000e\000\050\000\051}{subsection.6.14.1}% 126
\BOOKMARK [3][-]{subsubsection.6.14.1.4}{\376\377\0006\000.\0001\0004\000.\0001\000.\0004\000\040\000v\000e\000r\000i\000f\000y\000\137\000u\000s\000e\000r\000\050\000\051}{subsection.6.14.1}% 127
\BOOKMARK [1][-]{section.6.15}{\376\377\0006\000.\0001\0005\000\040\004\044\004\060\004\071\004\073\000\040\000S\000H\000A\0001\000.\000c\000p\000p}{chapter.6}% 128
\BOOKMARK [1][-]{section.6.16}{\376\377\0006\000.\0001\0006\000\040\004\044\004\060\004\071\004\073\000\040\000l\000o\000g\000g\000e\000r\000.\000c\000p\000p}{chapter.6}% 129
\BOOKMARK [1][-]{section.6.17}{\376\377\0006\000.\0001\0007\000\040\004\044\004\060\004\071\004\073\000\040\000L\000o\000g\000g\000e\000r\000.\000c\000p\000p}{chapter.6}% 130
\BOOKMARK [2][-]{subsection.6.17.1}{\376\377\0006\000.\0001\0007\000.\0001\000\040\004\037\004\076\004\064\004\100\004\076\004\061\004\075\004\076\004\065\000\040\004\076\004\077\004\070\004\101\004\060\004\075\004\070\004\065}{section.6.17}% 131
\BOOKMARK [1][-]{section.6.18}{\376\377\0006\000.\0001\0008\000\040\004\044\004\060\004\071\004\073\000\040\000L\000o\000g\000g\000e\000r\000.\000c\000p\000p}{chapter.6}% 132
\BOOKMARK [1][-]{section.6.19}{\376\377\0006\000.\0001\0009\000\040\004\044\004\060\004\071\004\073\000\040\000m\000a\000i\000n\000.\000c\000p\000p}{chapter.6}% 133
\BOOKMARK [2][-]{subsection.6.19.1}{\376\377\0006\000.\0001\0009\000.\0001\000\040\004\037\004\076\004\064\004\100\004\076\004\061\004\075\004\076\004\065\000\040\004\076\004\077\004\070\004\101\004\060\004\075\004\070\004\065}{section.6.19}% 134
\BOOKMARK [2][-]{subsection.6.19.2}{\376\377\0006\000.\0001\0009\000.\0002\000\040\004\044\004\103\004\075\004\072\004\106\004\070\004\070}{section.6.19}% 135
\BOOKMARK [3][-]{subsubsection.6.19.2.1}{\376\377\0006\000.\0001\0009\000.\0002\000.\0001\000\040\000m\000a\000i\000n\000\050\000\051}{subsection.6.19.2}% 136
\BOOKMARK [1][-]{section.6.20}{\376\377\0006\000.\0002\0000\000\040\004\044\004\060\004\071\004\073\000\040\000V\000e\000c\000t\000o\000r\000P\000r\000o\000c\000e\000s\000s\000o\000r\000.\000c\000p\000p}{chapter.6}% 137
\BOOKMARK [2][-]{subsection.6.20.1}{\376\377\0006\000.\0002\0000\000.\0001\000\040\004\037\004\076\004\064\004\100\004\076\004\061\004\075\004\076\004\065\000\040\004\076\004\077\004\070\004\101\004\060\004\075\004\070\004\065}{section.6.20}% 138
\BOOKMARK [1][-]{section.6.21}{\376\377\0006\000.\0002\0001\000\040\004\044\004\060\004\071\004\073\000\040\000s\000e\000r\000v\000e\000r\000.\000c\000p\000p}{chapter.6}% 139
\BOOKMARK [2][-]{subsection.6.21.1}{\376\377\0006\000.\0002\0001\000.\0001\000\040\004\037\004\076\004\064\004\100\004\076\004\061\004\075\004\076\004\065\000\040\004\076\004\077\004\070\004\101\004\060\004\075\004\070\004\065}{section.6.21}% 140
\BOOKMARK [1][-]{section.6.22}{\376\377\0006\000.\0002\0002\000\040\004\044\004\060\004\071\004\073\000\040\000I\000n\000t\000e\000r\000f\000a\000c\000e\000.\000c\000p\000p}{chapter.6}% 141
\BOOKMARK [2][-]{subsection.6.22.1}{\376\377\0006\000.\0002\0002\000.\0001\000\040\004\037\004\076\004\064\004\100\004\076\004\061\004\075\004\076\004\065\000\040\004\076\004\077\004\070\004\101\004\060\004\075\004\070\004\065}{section.6.22}% 142
\BOOKMARK [2][-]{subsection.6.22.2}{\376\377\0006\000.\0002\0002\000.\0002\000\040\004\034\004\060\004\072\004\100\004\076\004\101\004\113}{section.6.22}% 143
\BOOKMARK [3][-]{subsubsection.6.22.2.1}{\376\377\0006\000.\0002\0002\000.\0002\000.\0001\000\040\000P\000R\000O\000G\000R\000A\000M\000\137\000N\000A\000M\000E}{subsection.6.22.2}% 144
\BOOKMARK [3][-]{subsubsection.6.22.2.2}{\376\377\0006\000.\0002\0002\000.\0002\000.\0002\000\040\000P\000R\000O\000G\000R\000A\000M\000\137\000V\000E\000R\000S\000I\000O\000N}{subsection.6.22.2}% 145
\BOOKMARK [2][-]{subsection.6.22.3}{\376\377\0006\000.\0002\0002\000.\0003\000\040\004\037\004\065\004\100\004\065\004\074\004\065\004\075\004\075\004\113\004\065}{section.6.22}% 146
\BOOKMARK [3][-]{subsubsection.6.22.3.1}{\376\377\0006\000.\0002\0002\000.\0003\000.\0001\000\040\000l\000o\000n\000g\000\137\000o\000p\000t\000i\000o\000n\000s}{subsection.6.22.3}% 147
\BOOKMARK [3][-]{subsubsection.6.22.3.2}{\376\377\0006\000.\0002\0002\000.\0003\000.\0002\000\040\000s\000h\000o\000r\000t\000\137\000o\000p\000t\000i\000o\000n\000s}{subsection.6.22.3}% 148
\BOOKMARK [0][-]{section*.60}{\376\377\004\037\004\100\004\065\004\064\004\074\004\065\004\102\004\075\004\113\004\071\000\040\004\103\004\072\004\060\004\067\004\060\004\102\004\065\004\073\004\114}{}% 149
